Creating new counter...
1
2
3
Creating new counter...
1
2
3
