FALSE TRUE TRUE FALSE TRUE
TRUE FALSE FALSE TRUE FALSE
FALSE FALSE FALSE FALSE FALSE
