( 0 , 0 )
( 10 , 20 )
( 0 , 0 )
( 10 , 20 )
( 102 , 20123 )
