Hello World!
This is dumblisp: 100
This is a booelan: FALSE TRUE
